
> lumina-sheets@0.29.0 build:site
> npm run build -- --base=/lumina-sheets/ && npm run build:sdk


> lumina-sheets@0.29.0 build
> tsc -b && vite build --base=/lumina-sheets/

vite v6.4.3 building for production...
transforming...
✓ 1694 modules transformed.
rendering chunks...
computing gzip size...
dist/index.html                                      0.88 kB │ gzip:   0.53 kB
dist/examples/report.html                           15.45 kB │ gzip:   4.87 kB
dist/assets/lab.worker-DxkQupQf.js                  26.71 kB
dist/assets/calculation.worker-C0YDnVjL.js          27.26 kB
dist/assets/range-benchmark.worker-gKAwP6LC.js      27.68 kB
dist/assets/report-3k6ecC6N.css                      0.26 kB │ gzip:   0.21 kB
dist/assets/sheet-rename-CnDdznbS.css               10.10 kB │ gzip:   2.70 kB
dist/assets/index-B3HE8gFo.css                      68.81 kB │ gzip:  14.85 kB
dist/assets/_commonjs-dynamic-modules-TDtrdbi3.js    0.24 kB │ gzip:   0.19 kB
dist/assets/xlsx-merges-DPGl182z.js                  1.23 kB │ gzip:   0.76 kB
dist/assets/xlsx-hyperlinks-D5wQfGQC.js              1.59 kB │ gzip:   0.95 kB
dist/assets/xlsx-formulas-Cm_sg9Pm.js                1.82 kB │ gzip:   1.07 kB
dist/assets/xlsx-objects-BF-uiOG5.js                 1.83 kB │ gzip:   1.14 kB
dist/assets/xlsx-visibility-BH_C5wy5.js              2.69 kB │ gzip:   1.34 kB
dist/assets/xlsx-cells-WfQVXkUw.js                   3.68 kB │ gzip:   1.90 kB
dist/assets/xlsx-rich-text-BeywOk6k.js               4.37 kB │ gzip:   2.19 kB
dist/assets/xlsx-print-eOWp9o5Q.js                   7.32 kB │ gzip:   3.36 kB
dist/assets/xlsx-validation-DE9jAVFG.js              7.91 kB │ gzip:   3.70 kB
dist/assets/report-72flYEHx.js                      82.30 kB │ gzip:  26.75 kB
dist/assets/xlsx-archive-Dwg6PnBA.js               132.71 kB │ gzip:  41.46 kB
dist/assets/index-CYo4lizj.js                      209.77 kB │ gzip:  64.66 kB
dist/assets/sheet-rename-BQgk7WCg.js               380.24 kB │ gzip: 127.50 kB
dist/assets/exceljs.min-BU7ai_Tk.js                940.04 kB │ gzip: 271.25 kB

(!) Some chunks are larger than 500 kB after minification. Consider:
- Using dynamic import() to code-split the application
- Use build.rollupOptions.output.manualChunks to improve chunking: https://rollupjs.org/configuration-options/#output-manualchunks
- Adjust chunk size limit for this warning via build.chunkSizeWarningLimit.
✓ built in 3.14s

> lumina-sheets@0.29.0 build:sdk
> vite build --config vite.sdk.config.ts && tsc -p tsconfig.sdk.json && node scripts/package-sdk.mjs

vite v6.4.3 building for production...
transforming...
✓ 93 modules transformed.
rendering chunks...
computing gzip size...
dist/sdk/bundle-inputs.json                        26.47 kB │ gzip:   6.28 kB
dist/sdk/lumina.css                                10.36 kB │ gzip:   2.80 kB
dist/sdk/_commonjs-dynamic-modules-BAefz3vp.js      0.53 kB │ gzip:   0.33 kB
dist/sdk/lumina.js                                  1.20 kB │ gzip:   0.57 kB
dist/sdk/xlsx-merges-D69zdZ2s.js                    1.57 kB │ gzip:   0.84 kB
dist/sdk/xlsx-objects-BlgHyLAt.js                   2.03 kB │ gzip:   1.17 kB
dist/sdk/xlsx-hyperlinks-8f0-dPWp.js                2.11 kB │ gzip:   1.04 kB
dist/sdk/xlsx-formulas-IEd7lvaU.js                  2.31 kB │ gzip:   1.16 kB
dist/sdk/xlsx-visibility-BrP86N50.js                3.41 kB │ gzip:   1.47 kB
dist/sdk/xlsx-cells-BDMNi4YY.js                     4.88 kB │ gzip:   2.05 kB
dist/sdk/xlsx-rich-text-DlhCjvUJ.js                 5.84 kB │ gzip:   2.39 kB
dist/sdk/xlsx-print-1K8Cfwic.js                     9.28 kB │ gzip:   3.67 kB
dist/sdk/xlsx-validation-B27Q0jpx.js                9.76 kB │ gzip:   4.00 kB
dist/sdk/xlsx-archive-Ds4rjNGa.js                 199.89 kB │ gzip:  48.52 kB
dist/sdk/index-BLJPr5-u.js                        651.44 kB │ gzip: 166.23 kB
dist/sdk/exceljs.min-Bp5xEe51.js                1,394.20 kB │ gzip: 302.23 kB
✓ built in 2.55s
{"packageInstallations":102,"uniqueNameVersions":89,"noticeFiles":138,"errors":0,"reviewItems":4,"unresolvedVendorComponents":68}
