
> lumina-sheets@0.29.0 build:site
> npm run build -- --base=/lumina-sheets/ && npm run build:sdk


> lumina-sheets@0.29.0 build
> tsc -b && vite build --base=/lumina-sheets/

vite v6.4.3 building for production...
transforming...
✓ 1694 modules transformed.
rendering chunks...
computing gzip size...
dist/index.html                                      0.88 kB │ gzip:   0.53 kB
dist/examples/report.html                           16.17 kB │ gzip:   5.06 kB
dist/assets/lab.worker-onjvi_kA.js                  28.71 kB
dist/assets/calculation.worker-CMQatE0L.js          29.26 kB
dist/assets/range-benchmark.worker-DHZ6Cd4j.js      29.65 kB
dist/assets/report-3k6ecC6N.css                      0.26 kB │ gzip:   0.21 kB
dist/assets/sheet-rename-CnDdznbS.css               10.10 kB │ gzip:   2.70 kB
dist/assets/index-riBiZuOF.css                      70.17 kB │ gzip:  15.05 kB
dist/assets/_commonjs-dynamic-modules-TDtrdbi3.js    0.24 kB │ gzip:   0.19 kB
dist/assets/xlsx-merges-CCOiTGb2.js                  1.23 kB │ gzip:   0.76 kB
dist/assets/xlsx-hyperlinks-CZf8ZLSv.js              1.59 kB │ gzip:   0.95 kB
dist/assets/xlsx-formulas-C1rU-7dP.js                1.82 kB │ gzip:   1.07 kB
dist/assets/xlsx-objects-Bg-UWM4w.js                 1.83 kB │ gzip:   1.14 kB
dist/assets/xlsx-visibility-Dbb6t5Zw.js              2.83 kB │ gzip:   1.42 kB
dist/assets/xlsx-cells-D0fTKM8E.js                   3.68 kB │ gzip:   1.90 kB
dist/assets/xlsx-rich-text-Cml9-up1.js               4.66 kB │ gzip:   2.32 kB
dist/assets/xlsx-print-C5wnBXOv.js                   7.32 kB │ gzip:   3.36 kB
dist/assets/xlsx-validation-CBUr3FUf.js              8.89 kB │ gzip:   4.00 kB
dist/assets/report-jDBRKSO1.js                      90.60 kB │ gzip:  29.11 kB
dist/assets/xlsx-archive-B6jZY_Tk.js               132.71 kB │ gzip:  41.45 kB
dist/assets/index-1cOAQx9h.js                      211.55 kB │ gzip:  65.17 kB
dist/assets/sheet-rename-B292osgU.js               383.01 kB │ gzip: 128.40 kB
dist/assets/exceljs.min-D_uTxCkS.js                940.04 kB │ gzip: 271.24 kB
✓ built in 2.15s

> lumina-sheets@0.29.0 build:sdk
> vite build --config vite.sdk.config.ts && tsc -p tsconfig.sdk.json && node scripts/package-sdk.mjs

vite v6.4.3 building for production...
transforming...
✓ 94 modules transformed.
rendering chunks...
computing gzip size...
dist/sdk/bundle-inputs.json                        26.75 kB │ gzip:   6.35 kB
dist/sdk/lumina.css                                10.36 kB │ gzip:   2.80 kB
dist/sdk/_commonjs-dynamic-modules-BAefz3vp.js      0.53 kB │ gzip:   0.33 kB
dist/sdk/lumina.js                                  1.27 kB │ gzip:   0.61 kB
dist/sdk/xlsx-merges-B71HShhM.js                    1.57 kB │ gzip:   0.84 kB
dist/sdk/xlsx-objects-C79yRv23.js                   2.03 kB │ gzip:   1.17 kB
dist/sdk/xlsx-hyperlinks-ezP0pQtu.js                2.11 kB │ gzip:   1.04 kB
dist/sdk/xlsx-formulas-DNTU1aV7.js                  2.31 kB │ gzip:   1.16 kB
dist/sdk/xlsx-visibility-hm6mVJgc.js                3.59 kB │ gzip:   1.56 kB
dist/sdk/xlsx-cells-7yWMDX10.js                     4.88 kB │ gzip:   2.06 kB
dist/sdk/xlsx-rich-text-DCpA_q9l.js                 6.29 kB │ gzip:   2.55 kB
dist/sdk/xlsx-print-YLynLYJq.js                     9.28 kB │ gzip:   3.67 kB
dist/sdk/xlsx-validation-PT_HrtLH.js               11.10 kB │ gzip:   4.36 kB
dist/sdk/xlsx-archive-bQ54RZBZ.js                 199.89 kB │ gzip:  48.52 kB
dist/sdk/index-BYaslQVQ.js                        661.59 kB │ gzip: 169.10 kB
dist/sdk/exceljs.min-Bp5xEe51.js                1,394.20 kB │ gzip: 302.23 kB
✓ built in 1.61s
{"packageInstallations":92,"uniqueNameVersions":82,"noticeFiles":127,"errors":0,"reviewItems":0,"unresolvedVendorComponents":0}

> lumina-sheets@0.29.0 check:api
> node scripts/check-api.mjs

SDK public declaration contract passed (16 files).

> lumina-sheets@0.29.0 check:sdk
> node scripts/check-sdk.mjs --pack-destination artifacts

SDK consumer: strict TypeScript NodeNext passed without React or ambient type packages
SDK consumer: strict TypeScript Bundler passed without React or ambient type packages
SDK consumer: ESM import and non-DOM public API checks passed
SDK package: archive contents, example and dependency closure passed
{"name":"lumina-report-sdk","version":"0.29.0","files":40,"packedBytes":727127,"sha256":"e8c8042fab4032cc95a81d5a12551847792190ff6b63251fec47cf6e3aa517dc","artifact":"/Users/huangwei/Desktop/spreadjs/artifacts/lumina-report-sdk-0.29.0.tgz"}
