PASS workspace-render
PASS create-edit-history
PASS indexeddb-reload
PASS zoom-narrow-layout
PASS report-layouts
PASS report-downloads-roundtrip
PASS report-local-session-reload
PASS report-draft-save-coalescing-reload
PASS report-idle
PASS report-local-view-reload
PASS report-local-storage-failure
PASS packed-sdk-example
PASS grid-contract
PASS active-cell-value
PASS selection-announcement
PASS keyboard-focus-update
PASS read-only-contract
PASS host-focus-enter
PASS host-focus-escape
PASS ordinary-focus-return
PASS synchronous-host-focus
PASS validation-editor-recovery
PASS validation-list-keyboard
PASS native-clipboard-atomic-validation
PASS native-copy-cut-paste
PASS sdk-mount-isolation-destroy
PASS sdk-pending-source-destroy
PASS sdk-prefetch-contract
PASS wps-validation-title-download
PASS runtime-zoom-hit-draft-history
PASS hidden-axis-keyboard
PASS merge-hit-edit-navigation
PASS frozen-row-scroll-hit
PASS sparse-million-row-locate-edit
PASS row-height-column-width-hit-undo
PASS filtered-navigation-visible-clipboard
PASS fixture-100000
PASS fixture-1000000
PASS scroll-cancel-clear
PASS range-cancel
PASS range-disjoint
PASS range-overlapping
PASS native-legacy-migration-reload
PASS native-concurrent-migration-single-commit
PASS native-damaged-workbook-isolation
PASS native-damaged-journal-fails-closed
PASS native-conflicting-journal-identity-fails-closed
PASS canvas-blur-defers-final-composition
PASS canvas-composing-enter-does-not-commit
PASS canvas-stale-composition-cannot-write-after-sheet-switch
PASS report-formula-composing-apply-guard
PASS report-formula-composing-enter-guard
PASS report-pointer-activation-keeps-press-ownership
PASS touch-tap-selection
PASS touch-native-scroll
PASS touch-resize-cancel-retry
PASS workspace-render
PASS create-edit-history
PASS indexeddb-reload
PASS zoom-narrow-layout
PASS report-layouts
PASS report-downloads-roundtrip
PASS report-local-session-reload
PASS report-draft-save-coalescing-reload
PASS report-idle
PASS report-local-view-reload
PASS report-local-storage-failure
PASS packed-sdk-example
PASS grid-contract
PASS active-cell-value
PASS selection-announcement
PASS keyboard-focus-update
PASS read-only-contract
PASS host-focus-enter
PASS host-focus-escape
PASS ordinary-focus-return
PASS synchronous-host-focus
PASS validation-editor-recovery
PASS validation-list-keyboard
PASS native-clipboard-atomic-validation
PASS native-copy-cut-paste
PASS sdk-mount-isolation-destroy
PASS sdk-pending-source-destroy
PASS sdk-prefetch-contract
PASS wps-validation-title-download
PASS runtime-zoom-hit-draft-history
PASS hidden-axis-keyboard
PASS merge-hit-edit-navigation
PASS frozen-row-scroll-hit
PASS sparse-million-row-locate-edit
PASS row-height-column-width-hit-undo
PASS filtered-navigation-visible-clipboard
PASS fixture-100000
PASS fixture-1000000
PASS scroll-cancel-clear
PASS range-cancel
PASS range-disjoint
PASS range-overlapping
PASS native-legacy-migration-reload
PASS native-concurrent-migration-single-commit
PASS native-damaged-workbook-isolation
PASS native-damaged-journal-fails-closed
PASS native-conflicting-journal-identity-fails-closed
PASS canvas-blur-defers-final-composition
PASS canvas-composing-enter-does-not-commit
PASS canvas-stale-composition-cannot-write-after-sheet-switch
PASS report-formula-composing-apply-guard
PASS report-formula-composing-enter-guard
PASS report-pointer-activation-keeps-press-ownership
PASS workspace-render
PASS create-edit-history
PASS indexeddb-reload
PASS zoom-narrow-layout
PASS report-layouts
PASS report-downloads-roundtrip
PASS report-local-session-reload
PASS report-draft-save-coalescing-reload
PASS report-idle
PASS report-local-view-reload
PASS report-local-storage-failure
PASS packed-sdk-example
PASS grid-contract
PASS active-cell-value
PASS selection-announcement
PASS keyboard-focus-update
PASS read-only-contract
PASS host-focus-enter
PASS host-focus-escape
PASS ordinary-focus-return
PASS synchronous-host-focus
PASS validation-editor-recovery
PASS validation-list-keyboard
PASS native-clipboard-atomic-validation
PASS native-copy-cut-paste
PASS sdk-mount-isolation-destroy
PASS sdk-pending-source-destroy
PASS sdk-prefetch-contract
PASS wps-validation-title-download
PASS runtime-zoom-hit-draft-history
PASS hidden-axis-keyboard
PASS merge-hit-edit-navigation
PASS frozen-row-scroll-hit
PASS sparse-million-row-locate-edit
PASS row-height-column-width-hit-undo
PASS filtered-navigation-visible-clipboard
PASS fixture-100000
PASS fixture-1000000
PASS scroll-cancel-clear
PASS range-cancel
PASS range-disjoint
PASS range-overlapping
PASS native-legacy-migration-reload
PASS native-concurrent-migration-single-commit
PASS native-damaged-workbook-isolation
PASS native-damaged-journal-fails-closed
PASS native-conflicting-journal-identity-fails-closed
PASS canvas-blur-defers-final-composition
PASS canvas-composing-enter-does-not-commit
PASS canvas-stale-composition-cannot-write-after-sheet-switch
PASS report-formula-composing-apply-guard
PASS report-formula-composing-enter-guard
PASS report-pointer-activation-keeps-press-ownership
