
> lumina-sheets@0.29.0 build:site
> npm run build -- --base=/lumina-sheets/ && npm run build:sdk


> lumina-sheets@0.29.0 build
> tsc -b && vite build --base=/lumina-sheets/

vite v6.4.3 building for production...
transforming...
✓ 1694 modules transformed.
rendering chunks...
computing gzip size...
dist/index.html                                      0.88 kB │ gzip:   0.53 kB
dist/examples/report.html                           16.17 kB │ gzip:   5.06 kB
dist/assets/lab.worker-onjvi_kA.js                  28.71 kB
dist/assets/calculation.worker-CMQatE0L.js          29.26 kB
dist/assets/range-benchmark.worker-DHZ6Cd4j.js      29.65 kB
dist/assets/report-3k6ecC6N.css                      0.26 kB │ gzip:   0.21 kB
dist/assets/sheet-rename-CnDdznbS.css               10.10 kB │ gzip:   2.70 kB
dist/assets/index-riBiZuOF.css                      70.17 kB │ gzip:  15.05 kB
dist/assets/_commonjs-dynamic-modules-TDtrdbi3.js    0.24 kB │ gzip:   0.19 kB
dist/assets/xlsx-merges-Bxln-Jex.js                  1.23 kB │ gzip:   0.76 kB
dist/assets/xlsx-hyperlinks-BIV-L7o9.js              1.59 kB │ gzip:   0.95 kB
dist/assets/xlsx-formulas-C31hxE2k.js                1.82 kB │ gzip:   1.07 kB
dist/assets/xlsx-objects-LylMkal9.js                 1.83 kB │ gzip:   1.14 kB
dist/assets/xlsx-visibility-pgFy-2vr.js              2.83 kB │ gzip:   1.42 kB
dist/assets/xlsx-cells-Cekrjci3.js                   3.68 kB │ gzip:   1.89 kB
dist/assets/xlsx-rich-text-41Cxjrxv.js               4.66 kB │ gzip:   2.32 kB
dist/assets/xlsx-print-D_iU9kBh.js                   7.32 kB │ gzip:   3.36 kB
dist/assets/xlsx-validation-C9Mcg79g.js              7.91 kB │ gzip:   3.69 kB
dist/assets/report-DpCl_Gny.js                      90.61 kB │ gzip:  29.11 kB
dist/assets/xlsx-archive-s0-8hPuQ.js               132.71 kB │ gzip:  41.46 kB
dist/assets/index-Btt6igk_.js                      210.40 kB │ gzip:  64.81 kB
dist/assets/sheet-rename-DE7WsQmi.js               382.40 kB │ gzip: 128.24 kB
dist/assets/exceljs.min-CvWziDTR.js                940.04 kB │ gzip: 271.24 kB
✓ built in 2.19s

> lumina-sheets@0.29.0 build:sdk
> vite build --config vite.sdk.config.ts && tsc -p tsconfig.sdk.json && node scripts/package-sdk.mjs

vite v6.4.3 building for production...
transforming...
✓ 94 modules transformed.
rendering chunks...
computing gzip size...
dist/sdk/bundle-inputs.json                        26.75 kB │ gzip:   6.35 kB
dist/sdk/lumina.css                                10.36 kB │ gzip:   2.80 kB
dist/sdk/_commonjs-dynamic-modules-BAefz3vp.js      0.53 kB │ gzip:   0.33 kB
dist/sdk/lumina.js                                  1.23 kB │ gzip:   0.59 kB
dist/sdk/xlsx-merges-D9nRbhnS.js                    1.57 kB │ gzip:   0.84 kB
dist/sdk/xlsx-objects-rx5u6quk.js                   2.03 kB │ gzip:   1.17 kB
dist/sdk/xlsx-hyperlinks-D2Qi_YXV.js                2.11 kB │ gzip:   1.05 kB
dist/sdk/xlsx-formulas-QnJtqQsI.js                  2.31 kB │ gzip:   1.16 kB
dist/sdk/xlsx-visibility-DfuaSOzZ.js                3.59 kB │ gzip:   1.56 kB
dist/sdk/xlsx-cells-gbu1zFVE.js                     4.88 kB │ gzip:   2.06 kB
dist/sdk/xlsx-rich-text-Dt6yLIb7.js                 6.29 kB │ gzip:   2.55 kB
dist/sdk/xlsx-print-DFe5gklI.js                     9.28 kB │ gzip:   3.68 kB
dist/sdk/xlsx-validation-ERqLCdHZ.js                9.76 kB │ gzip:   4.00 kB
dist/sdk/xlsx-archive-CUKFVd9Y.js                 199.89 kB │ gzip:  48.52 kB
dist/sdk/index-CzDjGQg-.js                        660.91 kB │ gzip: 168.93 kB
dist/sdk/exceljs.min-Bp5xEe51.js                1,394.20 kB │ gzip: 302.23 kB
✓ built in 1.60s
{"packageInstallations":92,"uniqueNameVersions":82,"noticeFiles":127,"errors":0,"reviewItems":0,"unresolvedVendorComponents":0}

> lumina-sheets@0.29.0 check:api
> node scripts/check-api.mjs

SDK public declaration contract passed (16 files).

> lumina-sheets@0.29.0 check:sdk
> node scripts/check-sdk.mjs --pack-destination artifacts

SDK consumer: strict TypeScript NodeNext passed without React or ambient type packages
SDK consumer: strict TypeScript Bundler passed without React or ambient type packages
SDK consumer: ESM import and non-DOM public API checks passed
SDK package: archive contents, example and dependency closure passed
{"name":"lumina-report-sdk","version":"0.29.0","files":40,"packedBytes":726253,"sha256":"263e31fd130b1239b160b3fa8ac30b5099eba5ac326652815b78e39155102b82","artifact":"/Users/huangwei/Desktop/spreadjs/artifacts/lumina-report-sdk-0.29.0.tgz"}
